<!DOCTYPE html>
<html lang="en">
<head>
    <meta charset="UTF-8">
    <meta http-equiv="X-UA-Compatible" content="IE=edge">
    <meta name="viewport" content="width=device-width, initial-scale=1.0">
    <title>Document</title>
    <link rel="preconnect" href="https://fonts.googleapis.com">
    <link rel="preconnect" href="https://fonts.gstatic.com" crossorigin>
    <link href="https://fonts.googleapis.com/css2?family=Montserrat:wght@300;400;500;600;700&family=Roboto+Slab:wght@300;400;500;600;700&family=Satisfy&display=swap" rel="stylesheet">

    <link rel="stylesheet" href="https://cdnjs.cloudflare.com/ajax/libs/font-awesome/6.0.0-beta2/css/all.min.css"
        integrity="sha512-YWzhKL2whUzgiheMoBFwW8CKV4qpHQAEuvilg9FAn5VJUDwKZZxkJNuGM4XkWuk94WCrrwslk8yWNGmY1EduTA=="
        crossorigin="anonymous" referrerpolicy="no-referrer" />

    <link rel="stylesheet" href="./style/index.css">
</head>
<body>
    <div class="wrapper">
        <header class="header">
            <div class="container">
                <div class="header-main">
                    <div class="header-logo">
                        <img src="./images/logo.png" alt="">
                    </div>
                    <label for="header-checkbox">
                        <i class="fas fa-bars header-nav-open"></i>
                    </label>
                    <input type="checkbox" name="" id="header-checkbox" hidden>
                    <ul class="header-nav">
                        <label for="header-checkbox">
                            <i class="fas fa-times header-nav-close"></i>
                        </label>
                        <li class="header-nav-item">
                            <a href="#!" class="header-nav-link --active">home</a>
                        </li>
                        <li class="header-nav-item">
                            <a href="#!" class="header-nav-link">services</a>
                        </li>
                        <li class="header-nav-item">
                            <a href="#!" class="header-nav-link">portfolio</a>
                        </li>
                        <li class="header-nav-item">
                            <a href="#!" class="header-nav-link">about</a>
                        </li>
                        <li class="header-nav-item">
                            <a href="#!" class="header-nav-link">contact</a>
                        </li>
                    </ul>
                </div>
            </div>
        </header>

        <main>
            <section class="hero">
                <div class="container">
                    <div class="hero-content">
                        <h2 class="hero-caption caption">Welcome To Our Studio!</h2>
                        <h1 class="hero-heading">Itâ€™s nice to Meet you</h1>
                        <a href="#!" class="button button--primary">TELL ME MORE</a>
                    </div>
                </div>
            </section>

            <section class="services">
                <div class="container">
                    <div class="block-header">
                        <h2 class="heading">services</h2>
                        <p class="caption">Proin iaculis purus consequat sem cure. </p>
                    </div>
                    <ul class="services-list">
                    </ul>
                </div>
            </section>

            <section class="portfolio">
                <div class="container">
                    <div class="block-header">
                        <h2 class="heading">our portfolio</h2>
                        <p class="caption">Proin iaculis purus consequat sem cure. </p>
                    </div>
                    <ul class="portfolio-list">
                       
                    </ul>
                </div>
            </section>

            <section class="about">
                <div class="container">
                    <div class="block-header">
                        <h2 class="heading">about us</h2>
                        <p class="caption">Proin iaculis purus consequat sem cure. </p>
                    </div>
                    <ul class="about-list">
                      
                    </ul>
                </div>
            </section>

            <section class="team">
                <div class="container">
                    <div class="block-header">
                        <h2 class="heading">Our Amazing Team</h2>
                        <p class="caption">Proin iaculis purus consequat sem cure. </p>
                    </div>
                    <ul class="team-list">
                        <li class="team-item">
                            <a href="#!" class="team-image" >
                                <img src="./images/team-image-1.jpg" alt="">
                            </a>
                            <div class="team-info">
                                <h4 class="team-name">Kimberly Thompson</h4>
                                <p>Marketer</p>
                                <div class="team-social">
                                    <a href="#!" class="team-social-link">
                                        <i class="fab fa-facebook-f"></i>
                                    </a>
                                    <a href="#!" class="team-social-link">
                                        <i class="fab fa-twitter"></i>
                                    </a>
                                    <a href="#!" class="team-social-link">
                                        <i class="fab fa-google-plus-g"></i>
                                    </a>
                                </div>
                            </div>
                        </li>
                        <li class="team-item">
                            <a href="#!" class="team-image" >
                                <img src="./images/team-image-2.jpg" alt="">
                            </a>
                            <div class="team-info">
                                <h4 class="team-name">Rico Massimo</h4>
                                <p>Marketer</p>
                                <div class="team-social">
                                    <a href="#!" class="team-social-link">
                                        <i class="fab fa-facebook-f"></i>
                                    </a>
                                    <a href="#!" class="team-social-link">
                                        <i class="fab fa-twitter"></i>
                                    </a>
                                    <a href="#!" class="team-social-link">
                                        <i class="fab fa-google-plus-g"></i>
                                    </a>
                                </div>
                            </div>
                        </li>
                        <li class="team-item">
                            <a href="#!" class="team-image" >
                                <img src="./images/team-image-3.jpg" alt="">
                            </a>
                            <div class="team-info">
                                <h4 class="team-name">Uku Mason</h4>
                                <p>Marketer</p>
                                <div class="team-social">
                                    <a href="#!" class="team-social-link">
                                        <i class="fab fa-facebook-f"></i>
                                    </a>
                                    <a href="#!" class="team-social-link">
                                        <i class="fab fa-twitter"></i>
                                    </a>
                                    <a href="#!" class="team-social-link">
                                        <i class="fab fa-google-plus-g"></i>
                                    </a>
                                </div>
                            </div>
                        </li>
                    </ul>
                </div>
            </section>

            <div class="container">
                <section class="logo-group">
                    <a href="#!">
                        <img src="./images/Envato.png" alt="">
                    </a>
                    <a href="#!">
                        <img src="./images/WordPress.png" alt="">
                    </a>
                    <a href="#!">
                        <img src="./images/Tuts+.png" alt="">
                    </a>
                    <a href="#!">
                        <img src="./images/Microlancer.png" alt="">
                    </a>
                </section>
            </div>

            <section class="contact">
                <div class="container">
                    <div class="block-header">
                        <h2 class="heading">contact us</h2>
                        <p class="caption">Proin iaculis purus consequat sem cure. </p>
                    </div>
                    <form class="contact-form">
                        <div class="contact-field-group">
                            <div>
                                <input placeholder="your name *" type="text" class="contact-field">
                                <input placeholder="your email *" type="email" class="contact-field">
                                <input placeholder="subject" type="text" class="contact-field">
                            </div>
                            <div>
                                <textarea placeholder="your message *" class="contact-field contact-area"></textarea>
                            </div>
                        </div>
                        
                        <div class="text-center">
                            <button class="button button--primary" type="submit">send message</button>
                        </div>
                    </form>
                </div>
            </section>
        </main>

        <footer class="footer">
            <div class="container">
                <div class="footer-main">
                    <p class="footer-copyright">
                        Â© Copyright 2014 FreebiesXpress.com
                    </p>
                    <div class="footer-social">
                        <a href="#!" class="footer-social-link">
                            <i class="fab fa-facebook-f"></i>
                        </a>
                        <a href="#!" class="footer-social-link">
                            <i class="fab fa-twitter"></i>
                        </a>
                        <a href="#!" class="footer-social-link">
                            <i class="fab fa-google-plus-g"></i>
                        </a>
                    </div>
                </div>
            </div>
        </footer>
    </div>

    <script src="./script.js"></script>
</body>
</html>